// Jest Snapshot v1, https://goo.gl/fbAQLP

exports[`AppToolbar renders toolbar for active game 1`] = `
<div
  className="toolbar"
  style={
    Object {
      "WebkitTapHighlightColor": "rgba(0,0,0,0)",
      "backgroundColor": "rgb(232, 232, 232)",
      "boxSizing": "border-box",
      "display": "flex",
      "height": 56,
      "justifyContent": "space-between",
      "muiPrepared": true,
      "padding": "0px 24px",
    }
  }
>
  <div
    className={undefined}
    style={
      Object {
        "alignItems": "center",
        "display": "flex",
        "justifyContent": "space-between",
        "marginLeft": -24,
        "marginRight": undefined,
        "muiPrepared": true,
        "position": "relative",
      }
    }
  >
    <span
      className="toolbar-title"
      style={
        Object {
          "color": "rgba(0, 0, 0, 0.4)",
          "fontFamily": "Roboto, sans-serif",
          "fontSize": 20,
          "lineHeight": "56px",
          "muiPrepared": true,
          "overflow": "hidden",
          "paddingRight": 16,
          "position": "relative",
          "textOverflow": "ellipsis",
          "whiteSpace": "nowrap",
        }
      }
    >
      ReactJS Memory Game
    </span>
  </div>
  <div
    className={undefined}
    style={
      Object {
        "alignItems": "center",
        "display": "flex",
        "justifyContent": "space-between",
        "marginLeft": undefined,
        "marginRight": undefined,
        "muiPrepared": true,
        "position": "relative",
      }
    }
  >
    <span
      className={undefined}
      style={
        Object {
          "backgroundColor": "rgba(0, 0, 0, 0.175)",
          "color": "rgba(0, 0, 0, 0.4)",
          "display": "block",
          "height": 32,
          "lineHeight": "56px",
          "marginLeft": 24,
          "muiPrepared": true,
          "width": 1,
        }
      }
    />
    <div
      className="toolbar-btn"
      style={
        Object {
          "WebkitTapHighlightColor": "rgba(0,0,0,0)",
          "backgroundColor": "#ffffff",
          "borderRadius": 2,
          "boxShadow": "0 1px 6px rgba(0, 0, 0, 0.12),
                 0 1px 4px rgba(0, 0, 0, 0.12)",
          "boxSizing": "border-box",
          "color": "rgba(0, 0, 0, 0.87)",
          "display": "inline-block",
          "fontFamily": "Roboto, sans-serif",
          "margin": "10px 24px",
          "minWidth": 88,
          "muiPrepared": true,
          "position": "relative",
          "transition": "all 450ms cubic-bezier(0.23, 1, 0.32, 1) 0ms",
        }
      }
    >
      <button
        disabled={false}
        onBlur={[Function]}
        onClick={[Function]}
        onFocus={[Function]}
        onKeyDown={[Function]}
        onKeyUp={[Function]}
        onMouseDown={[Function]}
        onMouseEnter={[Function]}
        onMouseLeave={[Function]}
        onMouseUp={[Function]}
        onTouchEnd={[Function]}
        onTouchStart={[Function]}
        style={
          Object {
            "WebkitTapHighlightColor": "rgba(0, 0, 0, 0)",
            "backgroundColor": "#00bcd4",
            "border": 10,
            "borderRadius": 2,
            "boxSizing": "border-box",
            "cursor": "pointer",
            "display": "inline-block",
            "fontFamily": "Roboto, sans-serif",
            "fontSize": "inherit",
            "fontWeight": "inherit",
            "height": 36,
            "lineHeight": "36px",
            "margin": 0,
            "muiPrepared": true,
            "outline": "none",
            "padding": 0,
            "position": "relative",
            "textAlign": "center",
            "textDecoration": "none",
            "transition": "all 450ms cubic-bezier(0.23, 1, 0.32, 1) 0ms",
            "verticalAlign": null,
            "width": "100%",
          }
        }
        tabIndex={0}
        type="button"
      >
        <div
          onMouseDown={[Function]}
          onMouseLeave={[Function]}
          onMouseUp={[Function]}
          onTouchEnd={[Function]}
          onTouchStart={[Function]}
        >
          <div
            style={
              Object {
                "backgroundColor": false,
                "borderRadius": 2,
                "height": 36,
                "muiPrepared": true,
                "top": 0,
                "transition": "all 450ms cubic-bezier(0.23, 1, 0.32, 1) 0ms",
              }
            }
          >
            <span
              style={
                Object {
                  "color": "#ffffff",
                  "fontSize": 14,
                  "fontWeight": 500,
                  "letterSpacing": 0,
                  "margin": 0,
                  "muiPrepared": true,
                  "opacity": 1,
                  "paddingLeft": 16,
                  "paddingRight": 16,
                  "position": "relative",
                  "textTransform": "uppercase",
                  "userSelect": "none",
                }
              }
            >
              Start a Game
            </span>
          </div>
        </div>
      </button>
    </div>
  </div>
</div>
`;

exports[`AppToolbar renders toolbar for inactive game 1`] = `
<div
  className="toolbar"
  style={
    Object {
      "WebkitTapHighlightColor": "rgba(0,0,0,0)",
      "backgroundColor": "rgb(232, 232, 232)",
      "boxSizing": "border-box",
      "display": "flex",
      "height": 56,
      "justifyContent": "space-between",
      "muiPrepared": true,
      "padding": "0px 24px",
    }
  }
>
  <div
    className={undefined}
    style={
      Object {
        "alignItems": "center",
        "display": "flex",
        "justifyContent": "space-between",
        "marginLeft": -24,
        "marginRight": undefined,
        "muiPrepared": true,
        "position": "relative",
      }
    }
  >
    <span
      className="toolbar-title"
      style={
        Object {
          "color": "rgba(0, 0, 0, 0.4)",
          "fontFamily": "Roboto, sans-serif",
          "fontSize": 20,
          "lineHeight": "56px",
          "muiPrepared": true,
          "overflow": "hidden",
          "paddingRight": 16,
          "position": "relative",
          "textOverflow": "ellipsis",
          "whiteSpace": "nowrap",
        }
      }
    >
      ReactJS Memory Game
    </span>
  </div>
  <div
    className={undefined}
    style={
      Object {
        "alignItems": "center",
        "display": "flex",
        "justifyContent": "space-between",
        "marginLeft": undefined,
        "marginRight": undefined,
        "muiPrepared": true,
        "position": "relative",
      }
    }
  >
    <span
      className={undefined}
      style={
        Object {
          "backgroundColor": "rgba(0, 0, 0, 0.175)",
          "color": "rgba(0, 0, 0, 0.4)",
          "display": "block",
          "height": 32,
          "lineHeight": "56px",
          "marginLeft": 24,
          "muiPrepared": true,
          "width": 1,
        }
      }
    />
    <div
      className="toolbar-btn"
      style={
        Object {
          "WebkitTapHighlightColor": "rgba(0,0,0,0)",
          "backgroundColor": "#ffffff",
          "borderRadius": 2,
          "boxShadow": "0 1px 6px rgba(0, 0, 0, 0.12),
                 0 1px 4px rgba(0, 0, 0, 0.12)",
          "boxSizing": "border-box",
          "color": "rgba(0, 0, 0, 0.87)",
          "display": "inline-block",
          "fontFamily": "Roboto, sans-serif",
          "margin": "10px 24px",
          "minWidth": 88,
          "muiPrepared": true,
          "position": "relative",
          "transition": "all 450ms cubic-bezier(0.23, 1, 0.32, 1) 0ms",
        }
      }
    >
      <button
        disabled={false}
        onBlur={[Function]}
        onClick={[Function]}
        onFocus={[Function]}
        onKeyDown={[Function]}
        onKeyUp={[Function]}
        onMouseDown={[Function]}
        onMouseEnter={[Function]}
        onMouseLeave={[Function]}
        onMouseUp={[Function]}
        onTouchEnd={[Function]}
        onTouchStart={[Function]}
        style={
          Object {
            "WebkitTapHighlightColor": "rgba(0, 0, 0, 0)",
            "backgroundColor": "#00bcd4",
            "border": 10,
            "borderRadius": 2,
            "boxSizing": "border-box",
            "cursor": "pointer",
            "display": "inline-block",
            "fontFamily": "Roboto, sans-serif",
            "fontSize": "inherit",
            "fontWeight": "inherit",
            "height": 36,
            "lineHeight": "36px",
            "margin": 0,
            "muiPrepared": true,
            "outline": "none",
            "padding": 0,
            "position": "relative",
            "textAlign": "center",
            "textDecoration": "none",
            "transition": "all 450ms cubic-bezier(0.23, 1, 0.32, 1) 0ms",
            "verticalAlign": null,
            "width": "100%",
          }
        }
        tabIndex={0}
        type="button"
      >
        <div
          onMouseDown={[Function]}
          onMouseLeave={[Function]}
          onMouseUp={[Function]}
          onTouchEnd={[Function]}
          onTouchStart={[Function]}
        >
          <div
            style={
              Object {
                "backgroundColor": false,
                "borderRadius": 2,
                "height": 36,
                "muiPrepared": true,
                "top": 0,
                "transition": "all 450ms cubic-bezier(0.23, 1, 0.32, 1) 0ms",
              }
            }
          >
            <span
              style={
                Object {
                  "color": "#ffffff",
                  "fontSize": 14,
                  "fontWeight": 500,
                  "letterSpacing": 0,
                  "margin": 0,
                  "muiPrepared": true,
                  "opacity": 1,
                  "paddingLeft": 16,
                  "paddingRight": 16,
                  "position": "relative",
                  "textTransform": "uppercase",
                  "userSelect": "none",
                }
              }
            >
              Start a Game
            </span>
          </div>
        </div>
      </button>
    </div>
  </div>
</div>
`;
